4114c0cc8f000000908000009080000090000000908000001000000011000000908000000f0000001100000091000000108000000f800000908000001100000090800000108000001080000091000000108000008f00000091000000908000009000000091000000910000001100000090800000900000009080000090800000
be9aca90c1170db0924000009240000092400000124000001240000091c0000092c0000092400000120000008e8000001240000091c0000092400000120000009180000012c00000108000008e800000924000001240000012400000124000001240000092c000009200000012c000001240000092c000001240000092c00000
be9e2094bea6f370c10d966e92000000918000008f0000001000000090800000118000001080000012000000108000008e8000009180000012000000120000000d00000090800000110000001180000012000000118000001100000012000000918000000f000000108000001180000011800000110000008f00000012000000
3d9c81f6bf197986bf5ca5b0c10b745510800000928000001180000092000000928000001180000010000000118000001180000092000000120000009280000012000000920000009100000092000000120000009100000091800000920000009180000091800000928000009100000012000000920000001200000090000000
bf2966243e82e581beb40f863f0da9344117b443000000000000000000000000000000000000000000000000000000000000000000000000000000000000000000000000000000000000000000000000000000000000000000000000000000000000000000000000000000000000000000000000000000000000000000000000
bf3546a0be6e39db3f525284bf76a6403f278911410b21a00000000000000000000000000000000000000000000000000000000000000000000000000000000000000000000000000000000000000000000000000000000000000000000000000000000000000000000000000000000000000000000000000000000000000000
3e017af8be376e95bf034977bf83115e3ef7ccc4be40469ac115327a00000000000000000000000000000000000000000000000000000000000000000000000000000000000000000000000000000000000000000000000000000000000000000000000000000000000000000000000000000000000000000000000000000000
be5d33333f09d87c3c163470be5f64ebbb3722803e1c6e783e6d99f1c11239049000000090800000908000008f8000001080000090000000918000009100000011000000110000009100000011800000118000000f80000091800000108000001180000011800000920000001000000090000000100000009100000091000000
bf7904d6bf303a84bd29a300bf3323583dcc6448befa764cbf7a91bebd2719004116e13a0000000000000000000000000000000000000000000000000000000000000000000000000000000000000000000000000000000000000000000000000000000000000000000000000000000000000000000000000000000000000000
3e23c4e63fe14a7abf5c5bf23d567f9cbef105543f56e400bec60596bd0b61acbf4bcd28c10c769600000000000000000000000000000000000000000000000000000000000000000000000000000000000000000000000000000000000000000000000000000000000000000000000000000000000000000000000000000000
3e2dc9203f05be0c3ed548eebe04cbeb3f7dbb643c75d760be32b49c3f4adc553d69a2e6be0f6c1c410fc7c4000000000000000000000000000000000000000000000000000000000000000000000000000000000000000000000000000000000000000000000000000000000000000000000000000000000000000000000000
3ea0ee9e3dde5de8bf52e45e3d65aa703f42decebd2f3ab03c636020bf389a8abf7ce17ebe278f97bf427560410f8ab090800000108000009100000090800000900000008f000000900000000f800000910000008f0000009080000090800000100000008f0000000e0000008f00000090000000900000009080000091000000
3f02df5a3ea6d5383f7d17f5be8744c33e616d843f378ecfbdc697c83f0541d23e804a983f884980bfb5c5643ed98ed04112e2e700000000000000000000000000000000000000000000000000000000000000000000000000000000000000000000000000000000000000000000000000000000000000000000000000000000
bea09650be05dacabf1cf1cd3e7066d0bf0351113f8e14f4bd7a10f4bf6d3ade3e677560be3d0824bdcb41003e259ac8bd8ddbc4c10d94f49080000090800000100000000f000000900000000f80000090000000900000009080000090800000108000008f800000908000000e0000000f800000908000009080000091800000
3e2a15f63e9f31963f18df8d3f540b043f94a6b8bf5e1698be3a1a30beb12e06beddd7d03de8a898bea8cd91bf889dee3f0954e3bd0602c0c10be9488f80000091800000908000000f0000008f000000910000008f000000110000001000000091000000910000001180000091000000900000008d8000001080000090800000
3d1208bcbeecaee0bf8b5b00be41182ebdd76d2a3f908566bf31cf38bf7da08abf5d3e5b3eeaa920bf4168febe920ae53e1232203f0a64163d86bf64410d0a4691c000009340000092c0000092a00000134000009320000092a000008d20000012a000001320000092a000001180000092000000934000009340000012800000
bf076533be89dd62bea1e7773e6fcaa8bea9d3aabe47674dbca3fba0bc30afc03e9cd499bf0a862a3c60c9603ea65dba3f3501ba3f188dd23f8b6c243fcecadac10c7d5811c0000010400000910000001180000011000000114000001140000011400000100000001080000010800000914000000f40000011c0000011800000
bf46a4883ed12209bf64b46ebf1cf0f7bf57cfcc3d88c7fb3e880c98bf1078ec3fb3f65bbfa1a9f83c845c753f0086e6bcb4a520bec5a4443f030cdcbec23514bec83ee041168e140000000000000000000000000000000000000000000000000000000000000000000000000000000000000000000000000000000000000000
bd762a903f257db63f34a970beb778a0bddeef40bfa4e41e3fafa8f6be847183bef564c4bf0dbbc0bda0c0c83e115294bf6f81e4bd9406da3f0aa91d3ebdb041bf69028fbec3fdbcc10f397e110000001280000011800000130000009200000091800000128000009180000093000000930000008f8000009180000093000000
3efa8e003f17c80dbd19c104bf3f6818bee66e6bbd2da9b7beb695ae3f9b1f493e4bb0803ef8bfeebf3f76ec3e159e6cbf06a77e3d69c35cbf4d28523e997bb0bf039d60bf4407353e1e9495c11e479811800000920000001280000011c000000f800000118000001180000091c0000091000000918000001180000011800000
bf143677bf1f70803f415886be9660f93e6ab6a0be072e1ebed6b2f0be383b6ebec4dac43f9f9bc43db3c4383f82a6b6bfb609b4be9ca42dbedefadc3f872862bf6b4432bf3ec15a3e9e83983e1113fbc10f226d0000000000000000000000000000000000000000000000000000000000000000000000000000000000000000
bece6468bcbb1ef8be9c046abeb4d2323f03c8b73f319acd3e8f59523f9948283f45d439bf9d8b02bed2d0123e95d2503c2708003fb365ca3f860bdc3e4193323fa4cf343f052f40bec6cc00bf49d4083f3e84fe4110dab612c0000012c0000012800000124000001200000092800000920000001280000012c0000011000000
3f0dc730bec719bebeb1f78cbeafa73a3ceb27803efe7a76bf139db03f008cb33e3577963f1a120cbbd946c03e4a01b0beec30493f0c756c3e9d6f823e9e76e73e7e54703f8ad1aebf0eb4cabe95309abf19a55ebe45a46dc1121f55000000000000000000000000000000000000000000000000000000000000000000000000
be536b52bcce3038bf2e8b723e238ebfbf5921ecbf145383bb4f7780bf9a22bebde9e70f3f10f856bf5085da3fa1fa37bf97292f3f7a9d003f14d5733f339ff23f43af663dae2f18bea5a41bbefd2040bceb67503f2d5c263f8fdd774106309b0000000000000000000000000000000000000000000000000000000000000000
bfdbaf0cbe8cbf023f02a838bedd05223f57cdf8bd80c2103f972084bebb7bd2bf22b1b2bdfe90b53f11a1b1bee37a203f63d0013d897b483f20fae93e2ccce63ec63c983dc7dcd8be6af898bf77da02bfe346ccbe15542ebebceb64bdf27cb8c1115ddd90c0000012c000009280000091c0000011c000001280000011c00000
be59f868bced60003ea847f0bfa8e1f63e55295a3e9cb4b7bf0c2c1c3f1bf0923e370a90bec62b31be55dd10bec8f1e6bf291bbf3f2ed16d3f1c2013bf3cf9d0beb458653f113558bf02d4ef3ea1e1943eb6cf5abf2a1d9a3e9acb763cd28e80be80e60cc10f6bd7928000009300000093000000110000001180000013000000
bea2e6223dd9db993e91df36bf379635bde4a8483fbde50a3e1a6041bd5dd6b03f13e2eebfbc58713ee71667beb5388abeadc7ec3fcc07a1beeefbf4bdcf18043decaf60bf3856893f880a0e3e1167bd3e8216413f255d363e80b34cbe9345f6bdc57cd2bcaee32041071c50130000009240000090c0000012c0000013c00000
3e560908bf841f48bee50b2cbf5adac53efcd247bec75e313a5194803ec4b4ccbe89c10ebe9709d53f4b8a303d94f420bfc170e3be45ea01bf2c00a1bf21c1c53dd29b283e4c43583f5c0bb73e02eb8abe6eceaabe7bafdcbe838c9abe8eb21c3c65b5b8bec702923f110c04c10afde800000000000000000000000000000000
3fa5a8c63ee8838abf0e0b8fbc118980be2d96c23e50dcf4bf61bb6d3d4bd0c0be90513cbe582b70beb6af99bf19968a3e9b93643e621f90bff088f93e3442583f05bac63ee8a35ebe7b67c03ecd6ef2beb24ad0bf5428c03e37d470be88f79f3e83ce8b3f8b7cf23d8601723e1f0a74c106f284000000000000000000000000
bee66c32bd26bfbebe3afeaabf55500ebf2920543f100e023e1e95e03e9aa0703e3658ea3f37fdc53f52376c3e46c99e3de85612bf0437053f09b1adbe34d69d3f9ea8cabee8eb883efa926e3eafe9a23f17b38abe2e2aec3e29842c3eac374cbf757d4f3f6492a4be91b744becf1af2bed3e8a240fe86e89180000091000000
3f2f51f2bed3c6a5be103f6fbe8f329bbd9e00ccbe4b5ec0bf13f1933e20bda03ea2df14beaedc0d3ed8e73cbf0525b0bd08cda03e8d5dd1bf414c60bdc7e768bf3f76c03f7e73a5bf95576d3d56dab9bf4732ec3f08ae78be552a6ebf830b34bf911fd0bebb4f6abe37a034bf8c9f623f35f8823ef71f5ec10ef72d00000000
3f7097fd3e92b292bf83ae223f49c2e5bf12404e3f2190063f2de70e3f6ed3cdbe4c40eabd9c94c43d8f6054be30d46cbfa557463ccba7003f8b47d03f9944e0bf2905513ec25c023f144d14bbc06800bf140db03f37f5343dd9a078bf5930db3ea803d53ea93022bd0243dcbe1340423efb2802bed2c914bf836358c108e661
