40000000c0400000c00000003f800000c040000040a00000400000004000000040000000400000003f800000bf800000c040000040a00000400000004000000040000000400000003f800000bf8000004000000040000000c00000003f8000003dcccccdbecccccd3f800000bf800000c040000040a00000c00000003f80000040000000400000003f800000bf800000c040000040a00000c00000003f80000040000000400000003f800000bf800000c040000040a00000c00000003f80000040000000400000003f800000bf800000c040000040a00000c00000003f80000040000000400000003f800000bf800000c040000040a00000c00000003f800000
400000004000000040000000c0400000c040000040a00000400000004000000040000000400000003f800000bf800000c040000040a000004000000040000000c00000003f8000003f800000bf800000c040000040a000004000000040000000c040000040a000003f800000bf800000c040000040a00000400000004000000040000000400000003f800000bf800000c040000040a00000400000004000000040000000400000003f800000bf800000c040000040a00000400000004000000040000000400000003f800000bf800000c040000040a00000400000004000000040000000400000003f800000bf800000c040000040a000004000000040000000
400000004000000040000000c0400000c040000040a00000400000004000000040000000400000003f800000bf800000c040000040a000004000000040000000400000004000000040000000c04000003f800000bf80000040000000400000003f800000bf8000003f800000bf800000c040000040a000003dcccccdbecccccd400000004000000040000000c0400000c040000040a00000400000004000000040000000400000003f800000bf800000c040000040a000004000000040000000400000004000000040000000c0400000c040000040a00000400000004000000040000000400000003f800000bf800000c040000040a000004000000040000000
40000000400000003f800000bf800000c040000040a000004000000040000000c00000003f8000003f800000bf800000c040000040a00000400000004000000040000000400000003f800000bf800000c040000040a00000400000004000000040000000400000003f800000bf800000c040000040a00000bf0000003f33333340000000400000003f800000bf800000c040000040a00000400000004000000040000000400000003f800000bf800000c040000040a00000400000004000000040000000400000003f800000bf800000c040000040a00000400000004000000040000000400000003f800000bf800000c040000040a000004000000040000000
40000000400000003f800000bf80000040000000c0400000400000004000000040000000400000003f800000bf800000c040000040a000004000000040000000c00000003f8000003f800000bf800000c00000003f8000004000000040000000bf0000003f33333340000000c0400000c040000040a00000400000004000000040000000400000003f800000bf800000c040000040a000004000000040000000400000004000000040000000c0400000c040000040a00000400000004000000040000000400000003f800000bf800000c040000040a000004000000040000000400000004000000040000000c0400000c040000040a000004000000040000000
40000000400000003f800000bf800000c040000040a0000040000000c040000040000000400000003f800000bf800000c00000003f8000004000000040000000c040000040a000003f800000bf800000c040000040a0000040000000c0400000bf0000003f3333333f800000bf800000c00000003f800000c040000040a0000040000000400000003f800000bf800000c040000040a0000040000000c040000040000000400000003f800000bf800000c00000003f800000400000004000000040000000400000003f800000bf800000c040000040a0000040000000c040000040000000400000003f800000bf800000c00000003f8000004000000040000000
40000000400000003f800000bf800000c040000040a00000400000004000000040000000c04000003f800000bf800000c040000040a00000400000004000000040000000400000003f800000bf800000c040000040a0000040000000c040000040000000400000003f800000bf800000c040000040a00000400000004000000040000000400000003f800000bf800000c040000040a0000040000000c040000040000000400000003f800000bf800000c040000040a00000400000004000000040000000400000003f800000bf800000c040000040a0000040000000c040000040000000400000003f800000bf800000c040000040a000004000000040000000
40000000400000003f800000bf800000c040000040a000004000000040000000400000004000000040000000c0400000c040000040a00000400000004000000040000000c04000003f800000bf800000c00000003f80000040000000c040000040000000400000003f800000bf800000c040000040a00000c00000003f80000040000000400000003f800000bf800000c040000040a0000040000000c040000040000000400000003f800000bf800000c040000040a00000c00000003f80000040000000400000003f800000bf800000c040000040a0000040000000c040000040000000400000003f800000bf800000c040000040a00000c00000003f800000
3dcccccdbecccccdc00000003f800000c040000040a00000c040000040a00000c040000040a000003f800000bf800000c040000040a00000bf0000003f33333340000000400000003f800000bf800000c040000040a00000c00000003f80000040000000400000003f800000bf800000c040000040a00000c00000003f80000040000000400000003f800000bf8000004000000040000000c00000003f8000003dcccccdbecccccd3f800000bf800000c040000040a00000c00000003f80000040000000c0400000c00000003f800000c040000040a00000400000004000000040000000400000003f800000bf800000c040000040a000004000000040000000
400000004000000040000000c0400000c040000040a0000040000000400000004000000040000000c040000040a00000c040000040a000003f800000bf80000040000000400000003f800000bf800000c040000040a00000400000004000000040000000400000003f800000bf800000c040000040a000004000000040000000c00000003f8000003f800000bf800000c040000040a000004000000040000000c040000040a000003f800000bf800000c040000040a000004000000040000000400000004000000040000000c0400000c040000040a00000400000004000000040000000400000003f800000bf800000c040000040a000004000000040000000
bf0000003f333333c040000040a00000bf0000003f33333340000000c04000003f800000bf8000003f800000bf800000c040000040a000004000000040000000400000004000000040000000c0400000c040000040a00000400000004000000040000000400000003f800000bf800000c040000040a000004000000040000000400000004000000040000000c04000003f800000bf80000040000000400000003f800000bf8000003f800000bf800000c040000040a000003dcccccdbecccccd400000004000000040000000c0400000c040000040a00000400000004000000040000000400000003f800000bf800000c040000040a000004000000040000000
4000000040000000c040000040a00000c040000040a000004000000040000000c00000003f8000003f800000bf800000c040000040a00000400000004000000040000000400000003f800000bf800000c040000040a00000400000004000000040000000400000003f800000bf800000c040000040a00000400000004000000040000000400000003f800000bf800000c040000040a00000400000004000000040000000400000003f800000bf800000c040000040a00000bf0000003f33333340000000400000003f800000bf800000c040000040a000004000000040000000c00000003f8000003f800000bf800000c040000040a000004000000040000000
c00000003f800000bf0000003f33333340000000c0400000bf0000003f3333333dcccccdbecccccdbf0000003f333333c040000040a00000c00000003f80000040000000400000003f800000bf800000c040000040a000004000000040000000400000004000000040000000c0400000c040000040a000004000000040000000c00000003f8000003f800000bf800000c00000003f8000004000000040000000bf0000003f33333340000000c0400000c040000040a00000400000004000000040000000400000003f800000bf80000040000000c0400000400000004000000040000000400000003f800000bf800000c040000040a000004000000040000000
40000000400000003f800000bf800000c00000003f8000003f800000bf8000004000000040000000bf0000003f333333c00000003f800000c00000003f80000040000000400000003f800000bf800000c040000040a0000040000000c040000040000000400000003f800000bf800000c00000003f8000004000000040000000c040000040a000003f800000bf800000c040000040a0000040000000c0400000bf0000003f3333333f800000bf800000c00000003f800000c040000040a0000040000000400000003f800000bf800000c040000040a0000040000000c040000040000000400000003f800000bf800000c00000003f8000004000000040000000
c040000040a000003dcccccdbecccccdc040000040a00000400000004000000040000000c0400000bf0000003f333333c040000040a00000c00000003f80000040000000400000003f800000bf800000c040000040a0000040000000c040000040000000400000003f800000bf800000c040000040a00000400000004000000040000000400000003f800000bf800000c040000040a0000040000000c040000040000000400000003f800000bf800000c040000040a00000400000004000000040000000400000003f800000bf800000c040000040a00000400000004000000040000000c04000003f800000bf800000c040000040a000004000000040000000
40000000400000003f800000bf800000c040000040a000004000000040000000bf0000003f33333340000000c0400000c040000040a00000400000004000000040000000400000003f800000bf800000c040000040a0000040000000c040000040000000400000003f800000bf800000c040000040a00000c00000003f80000040000000c04000003f800000bf800000c00000003f80000040000000c040000040000000400000003f800000bf800000c040000040a00000c00000003f80000040000000400000003f800000bf800000c040000040a000004000000040000000400000004000000040000000c0400000c040000040a000004000000040000000