-16.375476 -5.141988i 0.000000 0.000000i 4.653472 7.536468i 5.171852 9.825324i 
-12.814778 -9.332385i -7.913198 -4.271718i 7.287914 7.190881i 1.403618 7.115121i 
