C18300F9C0A48B2B00000000260000004094E93E40F12ABF40A57FCF411D3486
C14D0955C1155173C0FD38EBC088B1EB40E9369740E61BB33FB3A9BE40E3AF12
