410F0A974033A9BE40A3132D4033A9BE41161F8F40B6C4A240B3A9BE4091CE5A4094E93E40F12ABF40A57FCF411D348640CA7617409A70C44033A9BE411A70C440CCE2B9409FF8494109831241366D8140661BB340CCE2B940712ABF40CFFD9D
40712ABF410531DD40E3AF1240DB0CA840AE2239404FFD9D40EBA33940F12ABF40E9369740E61BB33FB3A9BE40E3AF12410531DD41026E1A40712ABF40C1D3AE40AB075540EEBE1D408C46D441026E1A413D827940F9CD28404FFD9D408F61B8
