8.940086 2.807235i 5.096091 2.807235i 9.382705 5.711503i 5.614471 4.556439i 4.653472 7.536468i 5.171852 9.825324i 6.326915 4.826265i 2.807235 9.652530i 6.402676 4.999058i 8.594499 11.401734i 3.595441 6.402676i 3.768234 6.499709i 
3.768234 8.324673i 7.115121 6.845295i 5.441677 3.249854i 7.363675 7.536468i 7.287914 7.190881i 1.403618 7.115121i 8.324673 8.151880i 3.768234 6.057090i 5.344645 7.460707i 4.383646 8.151880i 11.844353 7.806294i 3.249854 4.480679i 
