C0400000C0000000C0E00000C0000000C0A00000C1000000C0800000BF800000C0A00000C0000000C0000000C0E00000C1100000C0800000C0000000C1000000C0800000C0400000C0A00000C0E00000C0000000C0800000BF800000C1000000
BF800000C0000000C1100000C0C00000C0A00000C0800000C0400000C0000000C1000000C0800000BF800000C1100000C0000000C0400000BF800000C0C00000BF800000C0E00000C0000000C0400000C1100000C0A00000C0800000C0C00000
