-30.781535 -9.665569i 0.000000 0.000000i -0.000000 -0.000000i -0.000000 -0.000000i 
-26.566212 -10.603893i -14.183447 -7.656537i 0.000000 -0.000000i -0.000000 -0.000000i 
