C1F64095C11AA62B0000000000000000A6000000A7000000A6000000A7000000
C1D4879AC129A98CC162EF66C0F5025927000000A6400000A5000000A6000000
