9.000000 2.000000i 1.000000 2.000000i 8.000000 1.000000i 4.000000 5.000000i 2.000000 8.000000i 5.000000 7.000000i 1.000000 3.000000i 2.000000 6.000000i 5.000000 4.000000i 7.000000 9.000000i 3.000000 5.000000i 4.000000 2.000000i 
4.000000 9.000000i 2.000000 4.000000i 3.000000 1.000000i 7.000000 8.000000i 3.000000 6.000000i 1.000000 2.000000i 9.000000 8.000000i 4.000000 3.000000i 6.000000 4.000000i 4.000000 8.000000i 8.000000 6.000000i 1.000000 1.000000i 
