41100000400000003F80000040000000410000003F8000004080000040A00000400000004100000040A0000040E000003F800000404000004000000040C0000040A000004080000040E00000411000004040000040A000004080000040000000
40800000411000004000000040800000404000003F80000040E00000410000004040000040C000003F800000400000004110000041000000408000004040000040C000004080000040800000410000004100000040C000003F8000003F800000
