40000000c0400000c00000003f800000c040000040a000004000000040000000bcf5c28f3e4ccccd3f800000bf800000c040000040a00000400000004000000040000000400000003f800000bf8000004000000040000000c00000003f8000003dcccccdbecccccd3f800000bf800000c040000040a00000c00000003f80000040000000c0400000c00000003f800000c040000040a00000400000004000000040000000400000003f800000bf800000c040000040a00000400000004000000040000000400000003f800000bf8000004000000040000000c00000003f8000003dcccccdbecccccd3f800000bf800000c040000040a00000bcf5c28f3e4ccccd40000000c0400000c00000003f800000c040000040a00000400000004000000040000000400000003f800000bf800000c040000040a00000400000004000000040000000400000003f800000bf8000004000000040000000c00000003f8000003dcccccdbecccccd3f800000bf800000c040000040a00000c00000003f80000040000000c0400000c00000003f800000c040000040a00000400000004000000040000000400000003f800000bf800000c040000040a00000400000004000000040000000400000003f800000bf8000004000000040000000c00000003f8000003dcccccdbecccccd3f800000bf800000c040000040a00000c00000003f800000
400000004000000040000000c0400000c040000040a000004000000040000000bf0000003f3333333f800000bf800000c040000040a000003dcccccdbecccccdc00000003f8000003f800000bf800000c040000040a000004000000040000000c040000040a000003f800000bf800000c040000040a000004000000040000000400000004000000040000000c0400000c040000040a00000400000004000000040000000400000003f800000bf800000c040000040a000004000000040000000c00000003f8000003f800000bf800000c040000040a000004000000040000000c040000040a000003f800000bf800000c040000040a000004000000040000000400000004000000040000000c0400000c040000040a00000400000004000000040000000400000003f800000bf800000c040000040a000003dcccccdbecccccdc00000003f8000003f800000bf800000c040000040a000004000000040000000c040000040a000003f800000bf800000c040000040a000004000000040000000400000004000000040000000c0400000c040000040a00000400000004000000040000000400000003f800000bf800000c040000040a000004000000040000000c00000003f8000003f800000bf800000c040000040a000004000000040000000c040000040a000003f800000bf800000c040000040a000004000000040000000
400000004000000040000000c0400000c040000040a000004000000040000000bcf5c28f3e4ccccd3f800000bf800000c040000040a000004000000040000000400000004000000040000000c04000003f800000bf80000040000000400000003f800000bf8000003f800000bf800000c040000040a000003dcccccdbecccccd400000004000000040000000c0400000c040000040a00000400000004000000040000000400000003f800000bf800000c040000040a000004000000040000000400000004000000040000000c04000003f800000bf80000040000000400000003f800000bf8000003f800000bf800000c040000040a000003dcccccdbecccccd400000004000000040000000c0400000c040000040a00000400000004000000040000000400000003f800000bf800000c040000040a000004000000040000000400000004000000040000000c04000003f800000bf80000040000000400000003f800000bf8000003f800000bf800000c040000040a000003dcccccdbecccccd400000004000000040000000c0400000c040000040a00000400000004000000040000000400000003f800000bf800000c040000040a000004000000040000000400000004000000040000000c04000003f800000bf80000040000000400000003f800000bf8000003f800000bf800000c040000040a000003dcccccdbecccccd
c00000003f8000003f800000bf800000c040000040a00000bcf5c28f3e4ccccdbcf5c28f3e4ccccd3f800000bf800000c040000040a00000400000004000000040000000400000003f800000bf800000c040000040a00000400000004000000040000000400000003f800000bf800000c040000040a00000bf0000003f33333340000000400000003f800000bf800000c040000040a000004000000040000000c00000003f8000003f800000bf800000c040000040a0000040000000400000004000000040000000bf0000003f333333c040000040a00000400000004000000040000000400000003f800000bf800000c040000040a00000bf0000003f33333340000000400000003f800000bf800000c040000040a000004000000040000000c00000003f8000003f800000bf800000c040000040a00000400000004000000040000000400000003f800000bf800000c040000040a00000400000004000000040000000400000003f800000bf800000c040000040a00000bf0000003f33333340000000400000003f800000bf800000c040000040a000004000000040000000c00000003f8000003f800000bf800000c040000040a0000040000000400000004000000040000000bf0000003f333333c040000040a00000400000004000000040000000400000003f800000bf800000c040000040a00000bf0000003f333333
40000000400000003f800000bf80000040000000c0400000400000004000000040000000400000003f800000bf800000c040000040a000004000000040000000c00000003f8000003f800000bf800000c00000003f8000004000000040000000bf0000003f33333340000000c0400000c040000040a00000400000004000000040000000400000003f800000bf80000040000000c0400000400000004000000040000000400000003f800000bf800000c040000040a000004000000040000000c00000003f8000003f800000bf800000c00000003f8000004000000040000000bf0000003f33333340000000c0400000bf0000003f333333400000004000000040000000400000003f800000bf80000040000000c0400000400000004000000040000000400000003f800000bf800000c040000040a000004000000040000000c00000003f8000003f800000bf800000c00000003f8000004000000040000000bf0000003f33333340000000c0400000c040000040a00000400000004000000040000000400000003f800000bf80000040000000c0400000400000004000000040000000400000003f800000bf800000c040000040a000004000000040000000c00000003f8000003f800000bf800000c00000003f8000004000000040000000bf0000003f33333340000000c0400000c040000040a000004000000040000000
bcf5c28f3e4ccccdbcf5c28f3e4ccccdc00000003f80000040000000c040000040000000400000003f800000bf800000c00000003f8000004000000040000000c040000040a000003f800000bf800000c040000040a0000040000000c0400000bf0000003f3333333f800000bf800000c00000003f800000c040000040a0000040000000400000003f800000bf800000c040000040a0000040000000c040000040000000400000003f800000bf800000c00000003f8000004000000040000000c040000040a000003f800000bf800000c040000040a0000040000000c0400000bf0000003f3333333f800000bf800000c00000003f800000c040000040a00000c040000040a00000c040000040a00000c040000040a0000040000000c0400000bf0000003f3333333f800000bf800000c00000003f8000004000000040000000c040000040a000003f800000bf800000c040000040a0000040000000c0400000bf0000003f3333333f800000bf800000c00000003f800000c040000040a0000040000000400000003f800000bf800000c040000040a0000040000000c0400000bf0000003f3333333f800000bf80000040000000c04000004000000040000000c040000040a000003f800000bf800000c040000040a0000040000000c0400000bf0000003f33333340000000c0400000c00000003f8000003dcccccdbecccccd
40000000400000003f800000bf800000c040000040a00000400000004000000040000000c04000003f800000bf800000c040000040a00000400000004000000040000000400000003f800000bf800000c040000040a0000040000000c040000040000000400000003f800000bf800000c040000040a00000400000004000000040000000400000003f800000bf800000c040000040a00000400000004000000040000000c04000003f800000bf800000c040000040a00000400000004000000040000000400000003f800000bf800000c040000040a0000040000000c04000004000000040000000bcf5c28f3e4ccccdc040000040a00000400000004000000040000000400000003f800000bf800000c040000040a00000400000004000000040000000c04000003f800000bf800000c040000040a00000400000004000000040000000400000003f800000bf800000c040000040a0000040000000c040000040000000400000003f800000bf800000c040000040a00000400000004000000040000000400000003f800000bf800000c040000040a00000400000004000000040000000c04000003f800000bf800000c040000040a00000400000004000000040000000400000003f800000bf800000c040000040a0000040000000c040000040000000400000003f800000bf800000c040000040a000004000000040000000
40000000400000003f800000bf800000bcf5c28f3e4ccccd4000000040000000400000004000000040000000c0400000c040000040a00000400000004000000040000000c04000003f800000bf800000c00000003f80000040000000c040000040000000400000003f800000bf800000c040000040a00000c00000003f80000040000000400000003f800000bf800000c040000040a000004000000040000000400000004000000040000000c0400000c040000040a00000400000004000000040000000c04000003f800000bf800000c00000003f80000040000000c0400000bcf5c28f3e4ccccd3f800000bf800000c040000040a00000c00000003f800000c040000040a000003f800000bf800000c040000040a000004000000040000000400000004000000040000000c0400000c040000040a00000400000004000000040000000c04000003f800000bf800000c00000003f80000040000000c040000040000000400000003f800000bf800000c040000040a00000c00000003f80000040000000400000003f800000bf800000c040000040a000004000000040000000400000004000000040000000c0400000c040000040a00000400000004000000040000000c04000003f800000bf800000c00000003f80000040000000c040000040000000400000003f800000bf800000c040000040a00000c00000003f800000
3dcccccdbecccccdc00000003f800000bf0000003f3333333dcccccdbecccccdc040000040a000003f800000bf800000c040000040a00000bf0000003f33333340000000400000003f800000bf800000c040000040a00000c00000003f80000040000000400000003f800000bf800000c040000040a00000c00000003f8000003dcccccdbecccccdc00000003f800000c040000040a00000c040000040a00000c040000040a000003f800000bf800000c040000040a00000bf0000003f333333bf0000003f3333333f800000bf800000c040000040a00000c00000003f80000040000000400000003f800000bf800000c040000040a00000c00000003f8000003dcccccdbecccccdc00000003f800000c040000040a00000c040000040a00000c040000040a000003f800000bf800000c040000040a00000bf0000003f33333340000000400000003f800000bf800000c040000040a00000c00000003f80000040000000400000003f800000bf800000c040000040a00000c00000003f8000003dcccccdbecccccdc00000003f800000c040000040a00000c040000040a00000c040000040a000003f800000bf800000c040000040a00000bf0000003f333333bf0000003f3333333f800000bf800000c040000040a00000c00000003f80000040000000400000003f800000bf800000c040000040a00000c00000003f800000
400000004000000040000000c0400000c040000040a0000040000000400000004000000040000000c040000040a00000c040000040a000003f800000bf80000040000000400000003f800000bf800000c040000040a00000400000004000000040000000400000003f800000bf800000c040000040a000004000000040000000400000004000000040000000c0400000c040000040a0000040000000400000004000000040000000c040000040a00000c040000040a000003f800000bf80000040000000400000003f800000bf800000bcf5c28f3e4ccccdbcf5c28f3e4ccccd40000000400000003f800000bf800000c040000040a000004000000040000000400000004000000040000000c0400000c040000040a0000040000000400000004000000040000000c040000040a00000c040000040a000003f800000bf80000040000000400000003f800000bf800000c040000040a00000400000004000000040000000400000003f800000bf800000c040000040a000004000000040000000400000004000000040000000c0400000c040000040a0000040000000400000004000000040000000c040000040a00000c040000040a000003f800000bf80000040000000400000003f800000bf800000c040000040a00000400000004000000040000000400000003f800000bf800000c040000040a000004000000040000000
bf0000003f333333c040000040a00000bf0000003f33333340000000c04000003f800000bf8000003f800000bf800000c040000040a000004000000040000000400000004000000040000000c0400000c040000040a00000400000004000000040000000400000003f800000bf800000c040000040a000004000000040000000bf0000003f333333c040000040a00000bf0000003f33333340000000c04000003f800000bf8000003f800000bf800000c040000040a000004000000040000000400000004000000040000000c0400000c040000040a00000400000004000000040000000400000003f800000bf800000c040000040a000004000000040000000bf0000003f333333c040000040a00000bf0000003f3333333f800000bf8000003f800000bf8000003f800000bf800000c040000040a000004000000040000000400000004000000040000000c0400000c040000040a000004000000040000000c00000003f8000003f800000bf800000c040000040a000004000000040000000bf0000003f333333c040000040a00000bf0000003f33333340000000c04000003f800000bf8000003f800000bf800000c040000040a000004000000040000000400000004000000040000000c0400000c040000040a00000400000004000000040000000400000003f800000bf800000c040000040a000004000000040000000
4000000040000000c040000040a00000c040000040a000004000000040000000c00000003f8000003f800000bf800000c040000040a00000400000004000000040000000400000003f800000bf800000c040000040a00000400000004000000040000000400000003f800000bf800000c040000040a0000040000000400000004000000040000000c040000040a00000c040000040a000004000000040000000c00000003f8000003f800000bf800000c040000040a00000400000004000000040000000400000003f800000bf800000bcf5c28f3e4ccccd400000004000000040000000400000003f800000bf800000c040000040a0000040000000400000004000000040000000c040000040a00000c040000040a000004000000040000000c00000003f8000003f800000bf800000c040000040a00000400000004000000040000000400000003f800000bf800000c040000040a00000400000004000000040000000400000003f800000bf800000c040000040a0000040000000400000004000000040000000c040000040a00000c040000040a000004000000040000000c00000003f8000003f800000bf800000c040000040a00000400000004000000040000000400000003f800000bf800000c040000040a00000400000004000000040000000400000003f800000bf800000c040000040a000004000000040000000
c00000003f800000bf0000003f33333340000000c0400000bf0000003f3333333dcccccdbecccccdbf0000003f333333c040000040a00000c00000003f80000040000000400000003f800000bf800000c040000040a000004000000040000000400000004000000040000000c0400000c040000040a000004000000040000000c00000003f800000bf0000003f33333340000000c0400000bf0000003f3333333dcccccdbecccccdbf0000003f333333c040000040a00000c00000003f80000040000000400000003f800000bf800000c040000040a000004000000040000000400000004000000040000000c0400000c040000040a000004000000040000000c00000003f800000bf0000003f33333340000000c0400000bf0000003f3333333dcccccdbecccccdbf0000003f333333c040000040a00000c00000003f80000040000000400000003f800000bf800000c040000040a000004000000040000000400000004000000040000000c0400000c040000040a000004000000040000000c00000003f800000bf0000003f33333340000000c0400000bf0000003f3333333dcccccdbecccccdbf0000003f333333c040000040a00000c00000003f80000040000000400000003f800000bf800000c040000040a000004000000040000000400000004000000040000000c0400000c040000040a000004000000040000000
40000000400000003f800000bf800000c00000003f8000003f800000bf8000004000000040000000bf0000003f333333c00000003f800000c00000003f80000040000000400000003f800000bf800000c040000040a0000040000000c040000040000000400000003f800000bf800000c00000003f800000400000004000000040000000400000003f800000bf800000c00000003f8000003f800000bf8000004000000040000000bf0000003f333333c00000003f800000c00000003f80000040000000400000003f800000bf800000c040000040a0000040000000c040000040000000400000003f800000bf800000c00000003f800000400000004000000040000000400000003f800000bf800000c00000003f8000003f800000bf8000004000000040000000bf0000003f333333c00000003f800000c00000003f80000040000000400000003f800000bf800000c040000040a0000040000000c04000003dcccccdbecccccd3f800000bf800000c00000003f8000003dcccccdbecccccd3dcccccdbecccccd3f800000bf800000c00000003f8000003f800000bf8000004000000040000000bf0000003f333333c00000003f800000c00000003f80000040000000400000003f800000bf800000c040000040a0000040000000c040000040000000400000003f800000bf800000c00000003f8000004000000040000000
c040000040a000003dcccccdbecccccdc040000040a00000400000004000000040000000c0400000bf0000003f333333c040000040a00000c00000003f80000040000000400000003f800000bf800000c040000040a0000040000000c040000040000000400000003f800000bf800000c040000040a000004000000040000000c040000040a000003dcccccdbecccccdc040000040a00000400000004000000040000000c0400000bf0000003f333333c040000040a00000c00000003f80000040000000400000003f800000bf800000c040000040a0000040000000c040000040000000400000003f800000bf800000c040000040a000004000000040000000c040000040a000003dcccccdbecccccdc040000040a00000400000004000000040000000c0400000bf0000003f333333c040000040a00000c00000003f80000040000000400000003f800000bf800000c040000040a0000040000000c040000040000000400000003f800000bf800000c040000040a000004000000040000000c040000040a000003dcccccdbecccccdc040000040a00000400000004000000040000000c0400000bf0000003f333333c040000040a00000c00000003f80000040000000400000003f800000bf800000c040000040a0000040000000c040000040000000400000003f800000bf800000c040000040a000004000000040000000
40000000400000003f800000bf800000c040000040a000004000000040000000bf0000003f33333340000000c0400000c040000040a00000400000004000000040000000400000003f800000bf800000c040000040a0000040000000c040000040000000400000003f800000bf800000c040000040a00000c00000003f80000040000000400000003f800000bf800000c040000040a000004000000040000000bf0000003f33333340000000c0400000c040000040a00000400000004000000040000000400000003f800000bf800000c040000040a0000040000000c040000040000000400000003f800000bf800000c040000040a00000c00000003f80000040000000400000003f800000bf800000c040000040a000004000000040000000bf0000003f33333340000000c0400000c040000040a00000400000004000000040000000400000003f800000bf800000c040000040a0000040000000c040000040000000400000003f800000bf800000c040000040a00000c00000003f80000040000000400000003f800000bf800000c040000040a000004000000040000000bf0000003f33333340000000c0400000c040000040a00000400000004000000040000000400000003f800000bf800000c040000040a0000040000000c040000040000000400000003f800000bf800000c040000040a00000c00000003f800000
40000000400000003f800000bf800000c040000040a00000c00000003f80000040000000400000003f800000bf800000c040000040a00000c00000003f80000040000000400000003f800000bf800000c040000040a00000c00000003f80000040000000400000003f800000bf800000c040000040a00000c00000003f80000040000000400000003f800000bf800000c040000040a00000c00000003f80000040000000400000003f800000bf800000c040000040a00000c00000003f800000bf0000003f3333333f800000bf800000c040000040a00000c00000003f80000040000000400000003f800000bf800000c040000040a00000c00000003f80000040000000400000003f800000bf800000c040000040a00000c00000003f80000040000000400000003f800000bf800000c040000040a00000c00000003f80000040000000400000003f800000bf800000c040000040a00000c00000003f80000040000000400000003f800000bf800000c040000040a00000c00000003f80000040000000400000003f800000bf800000c040000040a00000c00000003f80000040000000400000003f800000bf800000c040000040a00000c00000003f800000bf0000003f3333333f800000bf800000c040000040a00000c00000003f80000040000000400000003f800000bf800000c040000040a00000c00000003f800000
40000000400000003f800000bf800000c040000040a00000400000004000000040000000400000003f800000bf800000c040000040a00000400000004000000040000000400000003f800000bf800000c040000040a00000400000004000000040000000400000003f800000bf800000c040000040a00000400000004000000040000000400000003f800000bf800000c040000040a00000400000004000000040000000400000003f800000bf800000c040000040a00000400000004000000040000000400000003f800000bf800000c040000040a00000400000004000000040000000400000003f800000bf800000c040000040a00000400000004000000040000000400000003f800000bf800000c040000040a00000400000004000000040000000400000003f800000bf800000c040000040a00000400000004000000040000000400000003f800000bf800000c040000040a00000400000004000000040000000400000003f800000bf800000c040000040a000004000000040000000bf0000003f3333333f800000bf800000c040000040a00000400000004000000040000000400000003f800000bf800000c040000040a00000400000004000000040000000400000003f800000bf800000c040000040a00000400000004000000040000000400000003f800000bf800000c040000040a000004000000040000000
400000004000000040000000c0400000c040000040a00000400000004000000040000000400000003f800000bf800000c040000040a000004000000040000000400000004000000040000000c0400000c040000040a00000400000004000000040000000400000003f800000bf800000c040000040a000004000000040000000400000004000000040000000c0400000c040000040a00000400000004000000040000000400000003f800000bf800000c040000040a000004000000040000000400000004000000040000000c0400000c040000040a00000400000004000000040000000400000003f800000bf800000c040000040a000004000000040000000400000004000000040000000c0400000c040000040a00000400000004000000040000000400000003f800000bf800000c040000040a000004000000040000000400000004000000040000000c0400000c040000040a00000400000004000000040000000400000003f800000bf800000c040000040a000004000000040000000400000004000000040000000c0400000c040000040a00000400000004000000040000000400000003f800000bf800000c040000040a000004000000040000000400000004000000040000000c0400000c040000040a00000400000004000000040000000400000003f800000bf800000c040000040a000004000000040000000
40000000400000003f800000bf800000c040000040a00000400000004000000040000000400000003f800000bf800000c040000040a00000400000004000000040000000400000003f800000bf800000c040000040a00000400000004000000040000000400000003f800000bf800000c040000040a00000400000004000000040000000400000003f800000bf800000c040000040a00000400000004000000040000000400000003f800000bf800000c040000040a00000400000004000000040000000400000003f800000bf800000c040000040a00000400000004000000040000000400000003f800000bf800000c040000040a00000400000004000000040000000400000003f800000bf800000c040000040a00000400000004000000040000000400000003f800000bf800000c040000040a00000400000004000000040000000400000003f800000bf800000c040000040a00000400000004000000040000000400000003f800000bf800000c040000040a00000400000004000000040000000400000003f800000bf800000c040000040a00000400000004000000040000000400000003f800000bf800000c040000040a00000400000004000000040000000400000003f800000bf800000c040000040a00000400000004000000040000000400000003f800000bf800000c040000040a000004000000040000000
40000000400000003f800000bf800000c040000040a000004000000040000000400000004000000040000000c0400000c040000040a00000400000004000000040000000400000003f800000bf800000c040000040a000004000000040000000400000004000000040000000c0400000c040000040a00000400000004000000040000000400000003f800000bf800000c040000040a000004000000040000000400000004000000040000000c0400000c040000040a00000400000004000000040000000400000003f800000bf800000c040000040a000004000000040000000400000004000000040000000c0400000c040000040a00000400000004000000040000000400000003f800000bf800000c040000040a000004000000040000000400000004000000040000000c0400000c040000040a00000400000004000000040000000400000003f800000bf800000c040000040a000004000000040000000400000004000000040000000c0400000c040000040a00000400000004000000040000000400000003f800000bf800000c040000040a000004000000040000000400000004000000040000000c0400000c040000040a00000400000004000000040000000400000003f800000bf800000c040000040a000004000000040000000400000004000000040000000c0400000c040000040a000004000000040000000
40000000400000003f800000bf800000c040000040a0000040000000c040000040000000400000003f800000bf800000c00000003f800000400000004000000040000000400000003f800000bf800000c040000040a0000040000000c040000040000000400000003f800000bf800000c00000003f80000040000000400000004000000040000000c040000040a00000c040000040a0000040000000c0400000bcf5c28f3e4ccccdbcf5c28f3e4ccccd3dcccccdbecccccdbcf5c28f3e4ccccdbf0000003f333333bcf5c28f3e4ccccdbcf5c28f3e4ccccd40000000c040000040000000400000003f800000bf800000c00000003f800000400000004000000040000000400000003f800000bf800000c040000040a0000040000000c040000040000000400000003f800000bf800000c00000003f800000400000004000000040000000400000003f800000bf800000c040000040a0000040000000c040000040000000400000003f800000bf800000c00000003f800000400000004000000040000000400000003f800000bf800000c040000040a0000040000000c040000040000000400000003f800000bf800000c00000003f800000400000004000000040000000400000003f800000bf800000c040000040a0000040000000c040000040000000400000003f800000bf800000c00000003f8000004000000040000000
40000000400000003f800000bf800000c040000040a0000040000000c040000040000000400000003f800000bf800000c040000040a00000400000004000000040000000400000003f800000bf800000c040000040a0000040000000c040000040000000400000003f800000bf800000c040000040a00000400000004000000040000000400000003f800000bf800000c040000040a0000040000000c040000040000000400000003f800000bf800000c040000040a00000400000004000000040000000400000003f800000bf800000c040000040a0000040000000c040000040000000400000003f800000bf800000c040000040a00000400000004000000040000000400000003f800000bf800000c040000040a0000040000000c040000040000000400000003f800000bf800000c040000040a00000400000004000000040000000400000003f800000bf800000c040000040a0000040000000c040000040000000400000003f800000bf800000c040000040a00000400000004000000040000000400000003f800000bf800000c040000040a0000040000000c040000040000000400000003f800000bf800000c040000040a00000400000004000000040000000400000003f800000bf800000c040000040a0000040000000c040000040000000400000003f800000bf800000c040000040a000004000000040000000
40000000400000003f800000bf800000c040000040a0000040000000c040000040000000400000003f800000bf800000c040000040a00000c00000003f80000040000000400000003f800000bf800000c040000040a0000040000000c040000040000000400000003f800000bf800000c040000040a00000c00000003f80000040000000400000003f800000bf800000c040000040a0000040000000c040000040000000400000003f800000bf800000c040000040a00000c00000003f80000040000000400000003f800000bf800000c040000040a0000040000000c040000040000000400000003f800000bf800000c040000040a00000c00000003f80000040000000400000003f800000bf800000c040000040a0000040000000c040000040000000400000003f800000bf800000c040000040a00000c00000003f80000040000000400000003f800000bf800000c040000040a0000040000000c040000040000000400000003f800000bf800000c040000040a00000c00000003f80000040000000400000003f800000bf800000c040000040a0000040000000c040000040000000400000003f800000bf800000c040000040a00000c00000003f80000040000000400000003f800000bf800000c040000040a0000040000000c040000040000000400000003f800000bf800000c040000040a00000c00000003f800000
40000000400000003f800000bf8000004000000040000000c00000003f8000003dcccccdbecccccd3f800000bf800000c040000040a00000c00000003f80000040000000c0400000c00000003f800000c040000040a00000400000004000000040000000400000003f800000bf800000c040000040a000004000000040000000bcf5c28f3e4ccccdbcf5c28f3e4ccccd4000000040000000c00000003f8000003dcccccdbecccccd3f800000bf800000c040000040a00000c00000003f80000040000000c0400000c00000003f800000c040000040a00000400000004000000040000000400000003f800000bf800000c040000040a00000400000004000000040000000400000003f800000bf8000004000000040000000c00000003f8000003dcccccdbecccccd3f800000bf800000c040000040a00000c00000003f80000040000000c0400000c00000003f800000c040000040a00000400000004000000040000000400000003f800000bf800000c040000040a00000400000004000000040000000400000003f800000bf8000004000000040000000c00000003f8000003dcccccdbecccccd3f800000bf800000c040000040a00000c00000003f80000040000000c0400000c00000003f800000c040000040a00000400000004000000040000000400000003f800000bf800000c040000040a000004000000040000000
c00000003f8000003f800000bf800000c040000040a000004000000040000000c040000040a000003f800000bf800000c040000040a000004000000040000000400000004000000040000000c04000003dcccccdbecccccdbf0000003f333333bcf5c28f3e4ccccdbcf5c28f3e4ccccdbcf5c28f3e4ccccd40000000c0400000c00000003f8000003f800000bf800000c040000040a000004000000040000000c040000040a000003f800000bf800000c040000040a000004000000040000000400000004000000040000000c0400000c040000040a00000400000004000000040000000400000003f800000bf800000c040000040a000004000000040000000c00000003f8000003f800000bf800000c040000040a000004000000040000000c040000040a000003f800000bf800000c040000040a000004000000040000000400000004000000040000000c0400000c040000040a00000400000004000000040000000400000003f800000bf800000c040000040a000004000000040000000c00000003f8000003f800000bf800000c040000040a000004000000040000000c040000040a000003f800000bf800000c040000040a000004000000040000000400000004000000040000000c0400000c040000040a00000400000004000000040000000400000003f800000bf800000c040000040a000004000000040000000
400000004000000040000000c04000003f800000bf80000040000000400000003f800000bf8000003f800000bf800000c040000040a000003dcccccdbecccccdbcf5c28f3e4ccccdbcf5c28f3e4ccccdc040000040a00000400000004000000040000000400000003f800000bf8000003dcccccdbecccccd4000000040000000400000004000000040000000c04000003f800000bf80000040000000400000003f800000bf8000003f800000bf800000c040000040a000003dcccccdbecccccd400000004000000040000000c0400000c040000040a00000400000004000000040000000400000003f800000bf800000c040000040a000004000000040000000400000004000000040000000c04000003f800000bf80000040000000400000003f800000bf8000003f800000bf800000c040000040a000003dcccccdbecccccd400000004000000040000000c0400000c040000040a00000400000004000000040000000400000003f800000bf800000c040000040a000004000000040000000400000004000000040000000c04000003f800000bf80000040000000400000003f800000bf8000003f800000bf800000c040000040a000003dcccccdbecccccd400000004000000040000000c0400000c040000040a00000400000004000000040000000400000003f800000bf800000c040000040a000004000000040000000
40000000400000003f800000bf800000c040000040a00000400000004000000040000000400000003f800000bf800000c040000040a00000bf0000003f333333c00000003f8000003f800000bf800000c040000040a000004000000040000000c00000003f8000003f800000bf800000c00000003f800000bcf5c28f3e4ccccd40000000400000003f800000bf800000c040000040a00000400000004000000040000000400000003f800000bf800000c040000040a00000bf0000003f33333340000000400000003f800000bf800000c040000040a000004000000040000000c00000003f8000003f800000bf800000c040000040a00000400000004000000040000000400000003f800000bf800000c040000040a00000400000004000000040000000400000003f800000bf800000c040000040a00000bf0000003f33333340000000400000003f800000bf800000c040000040a000004000000040000000c00000003f8000003f800000bf800000c040000040a00000400000004000000040000000400000003f800000bf800000c040000040a00000400000004000000040000000400000003f800000bf800000c040000040a00000bf0000003f33333340000000400000003f800000bf800000c040000040a000004000000040000000c00000003f8000003f800000bf800000c040000040a000004000000040000000
bcf5c28f3e4ccccdbcf5c28f3e4ccccd3dcccccdbecccccd4000000040000000bcf5c28f3e4ccccdbcf5c28f3e4ccccdc040000040a0000040000000400000003dcccccdbecccccd3f800000bf80000040000000c0400000400000004000000040000000400000003f800000bf800000c040000040a000004000000040000000c00000003f8000003f800000bf800000c00000003f8000004000000040000000bf0000003f33333340000000c0400000c040000040a00000400000004000000040000000400000003f800000bf80000040000000c0400000400000004000000040000000400000003f800000bf800000c040000040a000004000000040000000c00000003f8000003f800000bf800000c00000003f8000004000000040000000bf0000003f33333340000000c0400000c040000040a00000400000004000000040000000400000003f800000bf80000040000000c0400000400000004000000040000000400000003f800000bf800000c040000040a000004000000040000000c00000003f8000003f800000bf800000c00000003f8000004000000040000000bf0000003f33333340000000c0400000c040000040a00000400000004000000040000000400000003f800000bf80000040000000c0400000400000004000000040000000400000003f800000bf800000c040000040a000004000000040000000
c040000040a000003f800000bf800000c040000040a0000040000000c0400000bf0000003f3333333f800000bf800000c00000003f800000c040000040a0000040000000400000003f800000bf800000c040000040a0000040000000c040000040000000400000003f800000bf800000c00000003f8000004000000040000000c040000040a000003f800000bf800000c040000040a0000040000000c0400000bf0000003f3333333f800000bf800000c00000003f800000c040000040a0000040000000400000003f800000bf800000c040000040a0000040000000c040000040000000400000003f800000bf800000c00000003f8000004000000040000000c040000040a000003f800000bf800000c040000040a0000040000000c0400000bf0000003f3333333f800000bf800000c00000003f800000c040000040a0000040000000400000003f800000bf800000c040000040a0000040000000c040000040000000400000003f800000bf800000c00000003f8000004000000040000000c040000040a000003f800000bf800000c040000040a0000040000000c0400000bf0000003f3333333f800000bf800000c00000003f800000c040000040a0000040000000400000003f800000bf800000c040000040a0000040000000c040000040000000400000003f800000bf800000c00000003f8000004000000040000000
40000000400000003f800000bf800000c040000040a0000040000000c040000040000000400000003f800000bf800000c040000040a00000400000004000000040000000400000003f800000bf800000c040000040a00000400000004000000040000000c04000003f800000bf800000c040000040a00000400000004000000040000000400000003f800000bf800000c040000040a0000040000000c040000040000000400000003f800000bf800000c040000040a00000400000004000000040000000400000003f800000bf800000c040000040a00000400000004000000040000000c04000003f800000bf800000c040000040a00000400000004000000040000000400000003f800000bf800000c040000040a0000040000000c040000040000000400000003f800000bf800000c040000040a00000400000004000000040000000400000003f800000bf800000c040000040a00000400000004000000040000000c04000003f800000bf800000c040000040a00000400000004000000040000000400000003f800000bf800000c040000040a0000040000000c040000040000000400000003f800000bf800000c040000040a00000400000004000000040000000400000003f800000bf800000c040000040a00000400000004000000040000000c04000003f800000bf800000c040000040a000004000000040000000
40000000c04000003f800000bf800000c00000003f80000040000000c040000040000000400000003f800000bf800000c040000040a00000c00000003f80000040000000400000003f800000bf800000c040000040a000004000000040000000400000004000000040000000c0400000c040000040a00000400000004000000040000000c04000003f800000bf800000c00000003f80000040000000c040000040000000400000003f800000bf800000c040000040a00000c00000003f80000040000000400000003f800000bf800000c040000040a000004000000040000000400000004000000040000000c0400000c040000040a00000400000004000000040000000c04000003f800000bf800000c00000003f80000040000000c040000040000000400000003f800000bf800000c040000040a00000c00000003f80000040000000400000003f800000bf800000c040000040a000004000000040000000400000004000000040000000c0400000c040000040a00000400000004000000040000000c04000003f800000bf800000c00000003f80000040000000c040000040000000400000003f800000bf800000c040000040a00000c00000003f80000040000000400000003f800000bf800000c040000040a000004000000040000000400000004000000040000000c0400000c040000040a000004000000040000000
