8.940086 2.807235i 5.096091 2.807235i 9.382705 5.711503i 5.614471 4.556439i 4.653472 7.536468i 5.171852 9.825324i 6.326915 4.826265i 2.807235 9.652530i 
3.928334 8.707319i 6.432882 6.556990i 5.180608 2.953575i 7.531749 7.856669i 6.757801 7.206829i 1.376382 6.432882i 8.707319 8.382400i 3.928334 5.706339i 
