410F0A974033A9BE40A3132D4033A9BE41161F8F40B6C4A240B3A9BE4091CE5A4094E93E40F12ABF40A57FCF411D348640CA7617409A70C44033A9BE411A70C4
407B69D4410B512E40CDDA2B40D1D2DC40A5C78A403D076140F1041640FB69D440D83FE940E69E583FB02D4840CDDA2B410B512E41061E4F407B69D440B69A54
