-0.615602 -0.666891i 0.748077 0.187331i -0.192419 -0.082494i 0.888610 -1.933023i -0.764849 -0.438966i -1.402269 -1.794679i -1.422376 0.840376i 0.488194 -0.888032i -0.177375 0.100093i -0.196053 -0.544529i 1.419310 0.303521i 0.291584 -0.600327i 
0.197811 0.489965i 1.587699 0.739363i -0.804466 1.711888i 0.696624 -0.194124i 0.835088 -2.138355i -0.243715 -0.839589i 0.215670 1.354594i -1.165844 -1.072155i -1.147953 0.960954i 0.104875 0.124050i 0.722254 1.436697i 2.585491 -1.960900i 
