BF1D9816BF2AB9593F3F81F63E3FD3B4BE45095CBDA8F2D63F637BF9BFF76D4CBF43CD29BEE0C02CBFB37D8DBFE5B809BFB6106A3F5722DA3EF9F48DBF635612BE35A1D53DCCFD79BE48C23FBF0B663F3FB5ABF43E9B67143E954A8CBF19AF00
3E4A8EFB3EFADCBC3FCB39B93F3D46E7BF4DF17B3FDB1F243F3255FABE46C8523F55C857C008DAD0BE799076BF56EF4A3E5CD89E3FAD6359BF953A60BF893C62BF92F01E3F7601133DD6C88E3DFE0DD23F38E5A43FB7E5AD402578B0BFFAFEC5
