-0.823188 4.937450i 0.000000 0.000000i 0.000000 0.000000i 0.000000 -0.000000i 
2.486940 1.303792i 3.504862 2.520742i 0.000000 0.000000i 0.000000 0.000000i 
