BF52BC7A409DFF960000000000000000
401F2A053FA6E2A640604FA9402153D6
