-0.197698 -1.750212i -1.207845 -0.285651i 2.908008 -0.831367i 0.825219 -0.979206i 1.378972 -1.156402i -1.058180 -0.533557i -0.468616 -2.002636i -0.272469 0.964229i 1.098425 0.520060i -0.277872 -0.020028i 0.701541 -0.034771i -2.051816 -0.798164i 
-0.353850 1.018685i -0.823587 -0.133217i -1.577057 -0.714530i 0.507975 1.351386i 0.281984 -0.224771i 0.033480 -0.589029i -1.333678 -0.293754i 1.127492 -0.847926i 0.350179 -1.120128i -0.299066 2.526000i 0.022890 1.655498i -0.261995 0.307535i 
