BE4A7167BFE006F5BF9A9AAEBE9240D8403A1CCEBF54D4703F53418CBF7AAD443FB08227BF9404F8BF877273BF089733BEEFEE62C0002B2FBE8B811C3F76D7BD3F8C992E3F0522A9BE8E453BBCA411733F339839BD0E6C20C00350F5BF4C5473
BEB52BD43F826448BF52D691BE086A2ABFC9DD01BF36EB733F020AA03FACFA353E906037BE662A623D092233BF16CA9BBFAAB5F5BE9666DF3F9051ABBF5911B23EB34AB7BF8F605DBE991F2F4021A9FB3CBB83603FD3E758BE8624443E9D7540
