3D1CE4F23F03B7783F16869A3F4285B93F0B85633E81359BBF35A3B5BFD1F5D33E17C1D93F945C38BF8514393F4516D3BF11D45A3F1352683F39346B3F49E0C03F13ABC23DB95C98BFE316B3BF69D3E8BF22A4DB3FA0CA89BF3C1C33400E71E2BE93D6AFBF7367D53F8EA4ECBE98A7A53FA5973B3FAABCF23DFD2A62C0148C56
BE623977BE1CE02CBE2621FC3F9D2B973EF415A93EF4981D3F95B69D3FD1FC9ABF4A9AEBBF44F987BEF0962EBFAE5FB93FECC6ED3F97EE433CF80942BFB6EE943FEB3C0BC001698F3FAE38DA3F0EF9523F00A5033F599F7FBEE6ED3D3FD421963F74759E3FC7173F3F20205FBFC22167BFD2B5F2BDA7E2753F36DC5C3F0798DD
3FD753F3BF9D1589BF08724FBF59DECF3FC73C4CBFD889B2BEAAF63F3F7326F73ED024EE3EE8E2F0BF4C786EBEAAD23FBF855E9B3ECCC1863ECA7457BF1FA9D2BF2AE5A6BFAC5EAA3E6E0339BF98A0B93E97140EBF88D0FC3F9B1EE03F5DF2E23E76366B3FEDF229BF222A99C0191749BFBE25BEBF4E4820BFC5D3593E5833C2
3F334FC03FAAA900BF5F6844BF2170FCBE47B91C3ED4E016BFCFAC75BE05D2C43F2601EC3F13C8FDBF6083E2BEA64FC3BFEA74DF3F1013BB3FDBFFFB3FAFAFA0BECC31BEBFE11EF5BEF83F6BBE51B40E3FD78BBD3F9D053540067994BF892A8A3FBDB162BD266D34BE7D29DEBF3EBDC13D871AA43F7FF19E4005AC1B3EDA0E2A
