BED8E2B2C0B614AE000000000000000000000000000000000000000000000000
3ED9A43E3F92AB09BF9C1D4DC0C10CE500000000000000000000000000000000
BFE1D5D63FA280D9BFB477A5BF8580E7C08893394050DBD70000000000000000
BF09EF65BF19FC04BF4BB9703EE65D61BF124B8C3F068D0FBFBF8FBBC0BA4A4C
