BDBC72763F172AF53F01DFD83F748B8F3F2434363EB8FFCBBEF66EE0BFDFAB6E3EDF241D3FB4F179BF9ACA013F64A192BF082AD53F39068E3F2EA3163F6EEF793F073378BE186009BFDF9C11BF2CCEBABF0CD0843FAD0307BF2BA76B400A68E3BEC75E14BF66C0CC3FA2E05CBEADECD33FA0AFB83F9AE9843E217910C00E06B3
BF8B5D113EB1961C3E13FD613FC08849BEAB5BFA3E89BD753F989C093F961D8BBEA06856BF44E15ABED955CEBFCF5A5D4002D72D3FBFADA13ECA21C7BFC6074E4007BFCAC006D4FA3FE290663F2A04A2BEACBFEF3F5BDE813F3B496B3FE348893EFA07754025D6A83F1A49C4BFBB9620BF35D9E5BF2668F5BE23F69D3F4052A4
3FA4BF3EBDC6656FBF373A98BF6297F43EEE121DBFB169A4BF7288123FA399E8BECA38BC3F895B3FBF68793EBF6524683E94EFB53E11018A3E62E2183E33A60B3D9A2CE6BF4A7B503F1FA5DFBF8173833F8DF34FBE3A800B3FEBA40C3F2264793E6BFF7F3F4CFFA6BEEA82DDC003B598BFDCF1A13E342E11BFC5D04A3E85B970
3EE04A933FAF23F5BE8805C7BED3A4E83E1ED9F53FA4CB3EBFE92B783EF5D90A3F6ADFBBBF5F9484BEB2AC58BD8D08F5BF4E7B7A3ED4992A400983953F5AE03FBF03A9AABFB370E4BF81396EBE9B3B8F4017A8363FAC70BD3FDF6DA9BDE03C40401A59973EA9C976BF2C4237BF9CC3413F216D8B3F9257684017C80DBED0CEC8
