3EBB1B393F2FF11B3F1035E53EBEFD7FBF999A6E3F8A12D13F1D187B3F7358FA3F090FCA3E8564E73EAA6B693F82AA83BED7314D3D0441F0BEA0DF27BF2D8AA7
3FEC3FF43F329F2FC009BDBFBFD5EEB740095E49BD8D97FD3F10A86BBFE41B5C3FB3B8163F66227DBFBA1AA03F743231BF20271B3DEDC0C0BDA8C156BEDE8BED
3EDCC9A7C021EAB5BFDC04753F0B41AC3F048F05C00DBF00BF991EDBC01543A33D9506A03DA4C3603F2D4BD1BF8C5A433EADD7B43EC6E78B3F84796E3F3CC26F
3F824D083F877ACABF1B6895BF5E3C9D3EB8B99E3EBC5CC2BFA281033DD5E6FBBF8E93683F4561E53F8091B53F5893F83E15B71D3F6568303E3FC889BEEAB0CB
