0.365442 0.687273i 0.563322 0.373028i -1.200025 1.078699i 0.613655 0.950576i 0.535397 0.260535i 0.332851 1.020829i -0.420298 0.032289i -0.314203 -0.677897i 
1.845702 0.697741i -2.152206 -1.671347i 2.146380 -0.069138i 0.565070 -1.782085i 1.404055 0.898964i -1.453938 0.953891i -0.625597 0.116090i -0.082400 -0.434661i 
0.431226 -2.529950i -1.718886 0.543971i 0.517807 -2.214783i -1.196254 -2.332253i 0.072767 0.080451i 0.676938 -1.096505i 0.339536 0.388485i 1.034956 0.737342i 
1.017976 1.058435i -0.607065 -0.868112i 0.360791 0.367895i -1.269562 0.104444i -1.113873 0.771025i 1.004447 0.846008i 0.146206 0.896121i 0.187288 -0.458380i 
