0.552783 -0.192240i 1.039091 -0.274070i -1.117639 1.530073i 1.260659 -0.249025i 0.660143 -1.064213i -0.067866 1.603457i -0.195221 1.234679i -0.217606 -0.229626i 
-0.303108 -1.506160i 0.023046 -0.444628i 0.051290 -0.155941i 0.826063 0.276068i 1.526977 -0.261164i 0.466914 0.443422i -0.209713 0.391894i 0.625190 -1.250679i 
0.183227 -0.947961i -1.029768 -0.741106i 0.949222 -0.507818i 0.307062 -0.320576i 0.135175 0.012469i 0.515246 -3.029177i 0.261406 -0.457015i -0.941486 1.242448i 
-0.162338 -1.066701i -0.146055 0.933728i -0.532011 0.350321i 1.682104 -0.029006i -0.875729 0.182452i -0.483815 -1.565056i -0.712005 -0.084539i -1.174212 1.603946i 
