3F0D8336BE44DA703F8500ECBE8C52EFBF8F0EC93FC3D96B3FA15D44BE7F00583F28FF24BF883825BD8AFD183FCD3E17BE47E8113F9E09F7BE5ED433BE6B2332
BE9B30ECBFC0C9D73CBCCA2DBEE3A6423D5215D6BE1FAF023F5378DA3E8D58D13FC373F9BE85B73E3EEF0F693EE30832BE56BF183EC8A65C3F200C7ABFA0163F
3E3B9FEDBF72AD91BF83CF6CBF3DB9213F730034BF0200553E9D3738BEA422793E0A6B4D3C4C4AF33F03E72FC041DE0B3E85D70DBEE9FDD3BF7105363F9F088D
BE263BD9BF8889ACBE158F593F6F08CFBF0831E63EB35D463FD74F2CBCED9D7FBF602FCC3E3AD4BEBEF7B69BBFC853C1BF3645EEBDAD2309BF964C973FCD4E1D
