-1.258845 -2.367461i -0.000000 -0.000000i 0.000000 -0.000000i -0.000000 -0.000000i -0.000000 -0.000000i -0.000000 -0.000000i 0.000000 -0.000000i 0.000000 0.000000i 
-0.544883 1.394864i 4.287437 2.281439i 0.000000 0.000000i 0.000000 0.000000i 0.000000 0.000000i 0.000000 0.000000i 0.000000 0.000000i 0.000000 0.000000i 
2.029986 3.185667i 1.258775 -2.015139i 2.349295 -0.020884i 0.000000 0.000000i 0.000000 0.000000i 0.000000 0.000000i 0.000000 0.000000i 0.000000 0.000000i 
-0.223774 -0.193410i 0.760719 0.341340i -0.091806 0.822271i 2.885807 -0.034994i -0.000000 0.000000i 0.000000 0.000000i 0.000000 0.000000i 0.000000 -0.000000i 
