BFA121D7C017847CA5800000A540000026000000A6000000A5800000A6000000A5800000A5000000A5400000A600000025400000A3C000002540000025C00000
BF0B7D7B3FB28AE7408932B040120317000000000000000000000000000000000000000000000000000000000000000000000000000000000000000000000000
4001EB4C404BE1F73FA11F8EC000F80B40165AD7BCAB147C00000000000000000000000000000000000000000000000000000000000000000000000000000000
BE65250FBE460D4C3F42BE753EAEC425BDBC04B43F52805C4038B110BD0F55FDA5800000248000002580000023000000248000002500000024800000A4800000
