3DC96A8F3F693FA33D2977613F1836A3BF3BF2823EB34D91BCFC6D133FA0083B3E6DEC603F6E06AF3EDA4F783E758480BEBEE0CABF30BB81BE722127BF26CC38
400184273F9896CBC01088DFBFCE5075400EAF3DBCC864663EACD526BFF973D33F8001FE3F829FAEBFD503573F5C9971BF170C813A98510DBE8E5E6DBD91131A
3ED86E31C01F1F47BFD5C9233F14C7B63EF17A0EC00C50DBBF9B3E94C0146F173D878EA63DA3B4493F2700CCBF72CFA63EA774673ED2AEE63F8A93BC3F2D4E6B
3F80C7233F5B945CBF26A1E4BF30EFCE3E839CDD3EE614D3BF71C2BE3DCE18DCBFA9305E3F5379533F6CC1643F094197385115093F65DC04BD60F2A8BE071AB8
