BEF61834
3F563AEE
40227451
BFA96304
3E036BA1
BFB89FE1
3FA6B897
3FB477FB
