-0.480653 
0.836837 
2.538349 
-1.323334 
0.128340 
-1.442379 
1.302508 
1.409912 
