0.138318 
-1.907066 
-0.364993 
-0.848110 
-0.764753 
-1.127695 
0.078189 
2.106630 
