3E0DA329
BFF41ABF
BEBAE05D
BF591DBD
BF43C6E0
BF90584E
3DA02180
4006D305
