BEFC1EBFBD75E28CBEC1647EBE78FD383D2C1AA7BFB878193EE0B29C3F1A9E5F3EB34476BEEE980C3F6572273E72B5CD3FE87B08BF3853FC3F967CEDBFC112B6BFD7B6863DF9C8A3C028668D3E04F9403F8681503F9189A4C00AFC5E3F6F7F48BC8A649F3F84F6113D2DFDA3BF519A89400859C9BF77B8BBBD3953EFBFB1444DBEFABE683EC2320C3D81C95B403619FA3DA912383F317AFEBDBE6CD2BF28DDB9BF2E7CAA3F7B944BBF89BAD7BF9D0D473E6DB590BFB5211EBFC2B05B3F3810CCBF8A6CFFBF6095BA3F9A142E3E7B97D6BEFFC0D03FADB4CBBDD632603E8297913F5C34513F511E56BE54CF51BFCFB4D03F6BB0AE3F3C8213BE58475B400CBE77
3FB9D253BE9101AD3F7D4605BE8738813FCC860EBE174976BFC72B733F4545C6BF83C1D6BE9CF9303E731E7FBE408C90BF962D473EA5A5E23F3378F5BE7E4BC33F590BD83F81C8ECBDBE8A72BF5208FF3F3908293FFFE3A6BF1CEB3FBDB5EB113FA605DBBE5AE45CBECC909F3F4929E13E75F8DFBF44E1AF3ECC67F8BCCC8569BF7CD0D3BF127730BF82200FBEAB9DEB4007B736BE1039AA3F36C576BE8CBBFE3EC47476BF52E5F13F980309BF64086FBE914E66BEFAECDDBEB64413BFB2CE363FCC12ADBE6BA053BFC0C43ABF8519133F7548743F0BD38A3EFD51693F532DDF3F3126093E34263C3FB0391C3F297BC4BE548CF23EC80C00BFD33849BF1F0E97
C001E1C83E33E9FEBEA57EBC3F16F0833F0FDE2FBD892C363E77FB2F3F025D1A3E9CC771BF9CF9E9BEAE92463F92835A3DA85551BF89DA42BFC735D8BFEB2E80BF4682DD3F954165BF39FFBA3D51F2E23EE1EBFE3EC4BEECBE1CF09EBEF63E48BFA53F34BF85373A3D1FA345C04CC658BF3439EC3F1F0184BF2ED043BEAE8C3B3F8018703CA1F51B3E11339C3F043F683ED501A8BFD47FCD3F84C255BF2E9A643DCBD49B3F805F163F1E059A3F11D1423F433168BFA11B123F920087C00790313EFD659CBF1874563FA510153EBD1FD7BDBB41F83F63D68CBD1878C03E00C92F3FE1DEF5BF868089BE804D983EA04EC6BD8D5E8DBF8A206D3F6F153ABF6C94B4
3E2E71D2BE90560640042D64BECB21B13F8FC921BF7F63EB3F7D9E0DBF146422BF8679FEBE9B30B33F60724DBF26798DBFA71BA7BED771F23EE2FDF0BDC444843F1E09543FA899363EDFC9EA3F1BDC563F1B78D7BF0AE0C73FC8A1AEBF7EBF383E1EA85ABFE6EF663EA52434BFF60E893FB98EA2401E9AC33F3A5D913FA875FEBFDFECBC3EB3138D3D52A357BF5B43EE3F3BA849BEE99E26BDB826B83ED8E199BD3EB2543FE1C413BE052C40BFC177DD3E0E1BE4BF0BFD273F84AB843E935618C01ACDB8BFDA6E66BC72633B3F20EA65BF38FCFC3EB8DE89BEDDA4113FAA7A743E1E62E5BFAAF53BBFD009CBBC4DC892C018F9CDBF6B023FBF7700B9BF3EA259
BF9A5DA1BF066987BD218146BF0F88BEBFABB6DC3F3006993F263BDDBF664747BF2320103F4DEAB9BE17B236BF189AE43F0DC9773EB78611BC941E433F9962393F395F7C3EC2916DBF5FE3A6BED42EECBFBBE68ABEA0659F3DD86FC9BD438A173F54B8AD3F2687093FD320F8BF86956E3EEEB2743E5C3A93BFA4EA713F45E5023F0BDA00BEB334283F4D2D32BED5B4E83EB76B31BF9B7A6ABF3FEF04BE3FAAF1402F4746BF80B6BAC0220F49BEC856C7BF328B2ABDAA6DB7BF9301C03FBCBD8CBF0A6A7A3F77DEF63F29BE6DBEA9B663BEBD561FBF58A316BF0F02D33F27BD283F83374A3F3EF722BDD85EE93FB130083F2CF3403F1B6AA3BDB6B19EBFD8846F
3F8875743F1D48FA3F7A15E73E2BBC6C402F89A2BF086536BE60246FBDE309943E879A263FAEA987BDC1A63EBF22B736BF10A13DBF8F3D093D8D219C3E613983BF1768053FC07431BF5D70E5BCE274903F8D92E7BF0FBC6A3F1410D8BF79FF3ABE0284EC3F27CC6EBF0454573EE3430CBEA55FD13E69A3DA3E1F27D9BF39B09FBF4922FF3EF6B5133E49D9D33D937B663E93B302BCA2114E3F4760753F256F8A3EE016AF3E86DF31BEA86191BDB44582BF262B3DBF663775BF89AB6DBC946B523CAD4005BFA53CDABF332A18BF09C4583F7633F53F951239BFAFB8B13FAED2243FB1F547BF2F1DED3E0F1AD93FB4C97C3F8279FA3FAF52F8BDCF6029BF1A8610
BE3E1B62BEAAB9793F309341BF268A233F0EDD4D3F534924BF86B520BF59A7C0BFB45715BF097EA7BF876FCF3F6DBF9ABFB6C2C03EDC54C63DDD82253F4E86E3BECA99CF3EE89E34BEE4F9D5BEC2AB10BFA431CEBF16F9843F4D17D63F5EB7ED3EE5B118BF381891BD4958503FA97DA83F84EC413F343CF7BF71DBB83E9AD1F03ECD3222BDEC69023EAC06603E9DB9583E9D0667405E0ECEBF1886F0BDA573A03E83DB1FBFBD3AD2BF0D11DB3FF762EEBF7302703F1431D8BFA545FEBF1513253F828420402AFCC7BF5D5FFD3F0F0395BD5936583EACFD1DBF9CB8F8BF3E471BBEC22B70BF91C01BC0463704BFDA1541BF7CC1DFBEF21F95BFB851FDBF8C6A9B
BFDA97E93F209BC1BEDE7C92BEE032ACBEB5996A3FACDA483FDDC96E3FC9125EBF1DA0433F4007F83D74E417BEB0B0DBBF8493243F8FD0A6BF8FCBCBBF887AD1BFD1DDCE3F2DEC78BED36067BE8FA7D53EC736CDBF2FEC1B3E0C8109BEC2AA55BF0EEBF63F51C60BC046A58EBF12DFA83F68B8C43E25F4E14018D8E03DB2E66ABF083AB3BF46DAAFBE7E2FBEBF3D99E33F963CF83E819D58BEFDBED03F3AB081BE8B1473C00785F2BE54DEB83F680216BF9588EF3FCD6C66BF2222873F815D3A3ECB9B923F4D53A93EB226663D8748DDBEB67A1F3E5310583EC4006B3FEBC43F3F81637CBF1C4FF23F847DDABFE1E012BF2DD430BF751D263F03B011BF494826
