4107BFC43F8464530000000000000000000000000000000080000000800000008000000000000000800000008000000080000000000000008000000000000000
BF4EB98D3FE02BEDC0D189863FEAEAA9000000000000000000000000000000000000000000000000000000000000000000000000000000000000000000000000
3F619ADBBF4C74183E75E111BF5B6142C0E7D3F9C0000DCD00000000800000000000000000000000800000000000000080000000000000008000000000000000
BF3AD7843DBCDAF2BC5643CA3ED62D5DBFEE46D13F361EB0C0D381CE409EA83B0000000080000000000000000000000000000000800000000000000080000000
BED8409BBFA44A3D3F762E4ABF275E9E3F65E8583E4636333F0D5EFE3F4C350040CB9D32C0332DF5800000000000000000000000000000000000000000000000
3F1D11D9BEB535CDC0216AE93EB563F8BF0725483F3DEAF3BF8D005C3EF8D0923EDF1A333DF8BC3B402CD01640A42C5400000000800000000000000080000000
BFC64394BF0F60FCBF24FDC5BFDF5E813FE386CB3F46E12CBEE7CBA6BE907F563E0AA5843D457044BF454485BF2CB28140DCFB10C06A2DAF0000000080000000
BE6963CBBF04EABCBD7F019CBD60CDACBF1796A03F9817B63ED05D243E0B8034BF88EDD9C009C045BF4E0D523E9D57C53F421E76BED5731F409ED26D40B354A4
