BEDE020A3E3167C2BE2C835EBF016B3DBE5FC743BF98BE3F3F0A94E53F259FE33EC74DE6BEB50E053F40508B3D3E32213FE39DE4BF4AFE9C3F9C8D50BFC67742BFA441BC3E2FB455C0150D97BD7E85983F66E4FB3F9979BFBFEAF6353F4D3C7A3D88B7D93F86D2AF3D1152F0BF3FB663400E89ECBF6FB318BD8DC034BFA2716FBF01DFED3EFEF7513E7178174032804E3E7BB4443F3A42293D8F73DDBF45E787BF1BCBEF3F562DA1BF9C7DF1BF906D213EA20C56BFB65509BFABE3243F37AA4DBF841E9EBF4724D13FAA65483EA1C8E7BED67A7B3FB40958BE0FB07F3ECD60353F665AC23F6DFE37BE99A826BFCD8AED3F83C2413F295A70BEB0AC7D4008DD39
3F81A37E3F0A881D3F211C12BFC53B77BE5A20A0BE5004AABF5D9E57BEFFFB71BF8584933EC41BB6BE8A46763ED2F64DBEE054103ECF9CB8BED13DC3BEBA41783F7BC99FBF1969E4BE986BC3BF16EF4E3F9264123F5A81A7BF081842BFED2F5E3F78FA11BE544748BF05B2353E8A6F033E34D0CFBF271C003F7882463EF45722BED3F42DBD921009BEE064FEBF7034834000378D3E253C7C3F73744FBE894F44BEDD2F9CBED1DAD43F2620FBBF36193FBEB85BEC3D7BAE423F34B4E1BFEC4DF63FB53A8BBECBF252BFCD60C5BF0B25F83F83B175BF69722E3FBA9EB03F2717413D42714ABF3BF9343FDF85573F0A66EE3E1F1DE83F79D0B5BF9E59F0BE20A2A3
C00C62363E8E3BB6BEAAB4553F23B7683F36AAC6BDA5D7CD3EA283443F0A76773ED3C4BEBFA19BBABF13BBE13F8E225E3E137535BF7D53FBBFD1BFCCBFEA174CBF4295423FB1373FBF519C6DBD8076E83F050CF43EE5D8FDBC67FF98BEB9FD04BF93E863BF82A27ABC1C0E65C044ABD8BF30976C3F2053D2BF2AACCCBE92C8513F5D38E5BE4A14423DE848733ECFAB823ECBF637BFB5AD363F624BDABF3ABCEC3E3895793F92DBA43F0D04CD3F190DA83F2ED6BFBFA401063F95D681C00D02483EF3A400BF123D333FB4C40A3E5B21E53CB9356E3F713F9DBD4412B73DBFF3263FD9C555BF8FA7E9BF027C783E9CC0B8BB3B1A48BF960F123F6B7C69BF7601E8
3E196776BF275B2E3FB3D4DCBF9D5CC53F845E18BE8ABBF13E9548B3BF666321BF471740BE9245743F1112FFBEECC284BFB0F9BBBED1CF5E3E7A5792BF00E7EE3F4EF5D83F9DDCAE3E5A279A3F1C3CF63F6132863D71F5A540027CF3BFBBC4E93F6C86D6BFD01A523E88A967BFFB7D023F2443EE4026BB873ED9D9373F78ED8EBFA848DC3E839302BED533DABF7967D33F9CC292BF92BC11BD32855A3F0C321A3F1519B13FC854ACBF80D4FFBFD8BF7C3D84215BBEE617693F19ACBCBDACA152BFAE461FBFFEF9C33EB1F7A93F575BE0BE3A351CBED44E2CBF70855A3FF4C257BD19BC67BEC823E1BFF2BA1B3ED18050C00830C5BF923B16BF96A56CBF1FF713
BF7D9385BF9598B6BF9625EC3EC8FFA1BFDCDAD13FA6A2AD3E9392A2BF17F8E8BFCC0E363EDF6C983DE1BA6CBF011DE63F497D343DD11DD9BB11EF463F991EBD3DBEAFCE3DF656D6BEC19DCDBF84B749BFBDC855BF5B6B1EBD337B1EBE2DF3883F75F8A4BE4444B13FDE7ECFBF5DA611BEDC43FE3E390005BFD04C1D3FA21D9B3E2A56FFBE8099433EC0A5EDBE517AD0BE6865B4C00CE5BCBF930F8FBF46467E40018EAABFB256C2C017026FBEC5C08CBF028D873F068CD4BFA92B073FC2FA7DBF22D94D3FE635113EA2BD6CBDEF61053E0D5C73BEA3F0C1BF35F2BC3F5148BF3F46E9B43EFAF6253F1F55353F43E7803F25BAC13F473D4CBED9EC65BFBD7AA4
3F8637E53F0A554B3F29241ABDBB78D040208FBABF429FE63F881F72BF318F793F9416023FA406CF3D590054BF4F4AF7BFA4E9D5BF9E5010BEBE10B63E5BD6C4BF41FEA74000B07CBF1060443CD157883F0E1D903E9DD96CBF0E8902BF7030F8BF6526223FD64CB5BED193673DFFF9CDBE24BF803F07B4B73ED19448BF73BABEBF73DFF43F5AA28D3EA277703EC73E1C3D9FC8FEBF93F7D83FA985763D22C68BBE5A495DBEE6B4DCBE09B4C53DDFBD63BF95EEFDBE804876BFB1504ABE4275943E9EFAF2BF843683BE7F7A10BEA586853F00F55F3F443B1BBF6485753FDF51733FF44A22BF948BEB3DFA5417401827843F8605303FC35686BE685DC53E2C8D3B
BE2666E9BE9A37BE3F30A73EBF32DB023F0E46133F553074BF8F6484BF31D1A6BFC42F49BEEC7BEDBF8C86EE3F6234BCBFB5380F3EDF34133D74004A3F65913CBED28F7B3F01361EBEBC6BE7BECD4264BFAE340ABF038B8B3F4791BB3F4BDEBF3EE0FA7EBF2BD31EBDB78BFE3F97E4723F82B6083F4A6B72BF5FBD1E3E93503B3ED453993B536D393EB266E33EBB322D3EB2D17A4061B517BF3AAFF3BDE645313EA7579BBFC73E78BF03CF483FF52212BF657D7F3F1C1EDFBF9A04B1BF25DD893F84D7254027826ABF588FCD3F0D0B16BE3110543E96A1DEBF9AB51CBF4720C5BE982101BF884FA1C04ED9B5BFE25B64BF8B217BBED888E9BFB69576BF86CC0F
BF81D9863F25D34ABE5A62B7BEA2A029BEA693FC3FE26E513FF8E2073FC15AC4BF125FBB3E27F252BE80043BBE90C668BFC8DF543F937A2BBEF46B80BF92C0C3BFAB42D23F2C77853CF835A9BF2B4AFD3F5A63E5BECCF7193ECEFA4FBF2BFB3EBF335BD93F135C6CBFD0B5A1BF4731233FBAE1B6BF8822C6400333E63F0D8FFC3DF6C905BED8CBAABF7D6A313EB921F43F995093BEB42AD4BF17B8513E8A013DBEF08ADAC0241FF03F62E9A13EEE85BEBFB14EE23FED417CBFFA76EA3F85076F3ED763DB3F6930853ECD2D88BE757C1E3DC2D9E43E3957903EFE4D6B3E7A1C8E3F8A86DC3DC569A23F786F44BF549995BF118DC6BEB45A663F4F5A54BE32F83A
