4169F3FC00000000000000000000000000000000000000000000000000000000
3C41766241648C98000000000000000000000000000000000000000000000000
BF06CD5E3F5A60DC4169BA950000000000000000000000000000000000000000
3E4D175E3E25B7363F59833AC168397100000000000000000000000000000000
3D9723FCBF2D04F4BF2BD6813DD4DAA0C1671C33000000000000000000000000
3EC07308BDB97FB03E6E19723D59B028BF7FA5C241687F8E0000000000000000
3E8A19C5BF39B46C3D0F7978BF3FDB1B3EB2DFCABDDB0D00416970AB00000000
BF17E4AA3F20A252BF4F0D023F12A29F3F1FB0663E3DA2E4BF2042FDC170BD4A
