3FCD45AA
3F811B18
3F9809C0
BF568CD8
BE03DB5E
BFCA563E
BE38469A
3DDBAF47
3F342994
BF547ABD
3F2BCA15
BFFE1331
3CFCF86D
BFB0AB08
3EA061F6
3F72677D
3F1D74FB
3F9E621F
BD5AB167
3FB5F156
40013403
BEABCE39
3D1A2514
3EBA2FB3
BE2F971B
3F80D3A5
BF09F9FF
BFC1412C
3E93BE61
BF6356DB
3F8C124B
C0080232
3F2C6EC6
BF33D158
BF8140D0
BEF09E69
3F740B19
BF422192
BF29504D
BF28B503
3F8DB674
BEB5E7EE
3FAF1896
BD875D50
BF73DCA4
BF4C0C8F
C01BF2D0
3EB3D1FB
BD7F6B66
BCDE3570
BF57ACAC
BF8048A8
BF57BD25
400D9BEA
3DB2E833
3F593BD0
BEECD3D7
3EB075F3
3F0C836F
3F540AB2
BF0E78DF
BEE2A0B1
BF47753C
BF38E22B
3F0B61F1
BF4F81CB
BF5CB68A
3F479E80
BD8153A8
3F0F1C87
BF43A0DE
3EDC1D4C
BE48CF09
3FBF5377
BF04F183
3E108735
BEE6B9BB
BD3CE649
3ED59AD0
3E937E3E
BD394A3C
BE51CB82
3F74125A
3E8DF783
3E365BDB
3E6DEADB
3F2F1D04
BEA98CE7
BF4A04A3
3FEA9768
BF57BE76
BEBC1DB4
3D577727
3E58839B
3E409D05
BF9CF722
3F2DADFF
BF3ABA6D
4002929A
3FE2943A
BF38B54A
BD8FF1B4
3FAEDF55
3E3A2515
BE1E8DA6
3F2BDF34
BF04C0F1
3E8AB381
BFBC6B4A
3F92873E
3DFBD334
3F507605
3F23AA0F
3F59335E
3FA84263
BDFDBB2A
3F0C0B38
3EDFE2F9
3ED39B82
BF06FF10
BEB2BFBE
3D1A9961
3ED0E827
BFECB020
3FB8D0C4
3F2B9397
3F3A83ED
BEE2B401
3E822ECE
BEBFDA40
BEE4FDFF
3E5D721A
3F5B2A5F
BFF78292
BF189AC1
BFC73A27
3F98B2F6
3F13905B
3CAA4FA4
BF94E987
BE62445B
BFFE64DA
3F53ACD4
3ED65775
3FB86A9E
BEC9B758
3F0A6398
3F94F4B9
BF9E31CC
3DA5EF10
BE9B855E
BDE5E757
3F03EB8C
BF5B9F1F
BF1EFEFF
3E14FB99
3F118CED
BFB67347
3F2C693D
BD5123CC
BFB4FD42
3F6ABD23
BFF68273
3F92112F
BF65E8C9
3FA4A201
3FEBF930
3F8C2A35
BFB9D360
BF4254DC
3EB778F6
3DABE30B
BFC3DF74
3E1F6784
BFA4EF31
3F3BA8B5
BEA51AD2
3F9881AC
BFB9E725
BF19BE64
3FA3A176
BF07324F
BDFC8401
BF60C7D1
BDE58446
3F964B67
3E90D4B2
3D3A3DF1
3EF01F6D
BF1810C9
3F4EB57A
3EFA8D89
4017CC81
BF866374
BFBBCF0F
3F03642A
BEE58FE4
3E066090
3BD2D25F
BD8A6FE0
BCBA923E
BEA4697F
BD87FF69
BEFEC91B
BFCF48C0
BFC5083B
BF6AADCF
BF5DB07B
BF7B467D
C0070FEB
3EDA336B
3F8A8AC9
BF0EF8A7
BFB9D1CA
BF958800
3F75B380
BE11BCC7
BF656392
3EA4F559
401B70BC
3F88AEB9
3FD30948
BAB97F4E
3F83E863
BD00B47B
BF99B599
C0022924
BF2E4128
BD9133AB
3F96DEBD
3ECC9408
3DF32E8B
3F2E6000
BF060DCC
3EACD47F
3DE368CA
3EE4CE8A
3F9BC15F
3EF49DB1
BFF98558
BECDBA05
3E054D9E
BEE65652
BFA36890
C00CC748
3E7D156B
BE8E8472
3FB0F4C6
BEF65D56
BDAC0C08
3F902F34
BF87A158
BFDE05A6
BFBD624C
C0297460
BF1CD010
