C003D065
BF1B3DE7
3F789656
BC8DFF57
3E750775
3E126CEF
BDAEC896
3E1D31CF
BE135098
3F8B7597
BDC09D7D
3FD91CA9
3D9CDBFC
3E7358A3
BF495057
BF19E29C
C03BA17E
3DF10DDD
3F765203
BF2C017F
BF8CDF1D
BFB2BFC1
3EF196F2
BF477853
3E129303
BF3FD77C
3F251DA3
3DE82E80
BED7A8FE
3FAD786F
3F6FE435
3F7DFB56
3EF274D1
3E2898CA
3F94524C
3EE3103A
BE76F87D
BF772C67
3F010A5A
3E61E594
BF5DA782
BE2D82F2
3E091328
BCAB7B03
3CAD6E74
BEF0803E
3EC0383F
3F418F5C
BF87BBA7
BEFF7B2D
3F457BD4
3F15A6E3
C022459A
BF1C8F3E
BFE5E91E
3F39415A
3FDD1372
3DBFEF03
3FEFFE9D
BF6E9C2C
BE4E66C2
3F64FAAB
BEC495D5
3FCF7AE4
BEC63E54
BFAA5EDB
3DC53675
BF5F19ED
BF1CB4B8
BFB12A1E
3FBEAAD5
BF8DC08B
3E5C930F
BF576FBA
BF6E193B
3F054E27
BF00E2C3
3EE3957A
BEB7F8B4
BE6B5272
BE86E80C
BF743540
BF3FC2A7
3EFBAD85
3EF636FF
401F6544
40072E72
3E9C636F
BFAF502F
BFCB9FFB
40291FE1
BF86F6C9
BEFF50C4
3F78147F
BF168928
3E2251AE
BF309560
BF36DC4E
3F7B7684
3EB4DA21
3E0797BA
3EBDBCE0
BF79D5AF
BF8FD3F4
3F2977EF
3E939B5F
3ED82DCE
3F87733C
C049D4A8
C004B96F
3FA0A5C7
3EF53017
3F227641
3E0E9EC7
BF73AB92
3FAAA698
BF05AD31
BF0EF8E1
BE2F4F5A
3FEA93D4
3ED8B9D3
BF9F9957
3F367358
3EA48231
BEB3A986
BE121B4B
BFCA1C2A
BF1ECE99
3F959C2F
BF4412CA
BF94FB1B
BFA3827F
BEF481EC
3F7A1506
3E9CB44E
BF41D269
BFA3C9E1
3F4F97A0
401917D2
3EB001BA
BF2E3188
3F17FEDB
3F2CA763
BFC40F87
3E0D6916
3F1FFBCB
3E41B788
BFCFF72B
3DEC9DF9
BE73B393
3F82CF49
BF4B27C7
BFF01B86
BEB8C4C9
BF629EA4
BF9DDF78
BE66EEBF
3FFB1ED3
3F5A9248
3F22357F
3F399B0F
3EC4658E
BE976BB1
BE3E6FDD
3F8C55AC
BF1BFD13
3E99D855
3E7B2C9B
3E105BE4
BEE04ABB
BF687777
BF053777
BD513478
BEDF0DA7
BA95E0E0
3E7C1F26
3F5CC394
3F984F46
400B4323
3F0C8B14
4016A803
3E85CBC0
BF424FEC
3F30756C
BF2FD332
3DE61C35
3F917C3C
BE83BE25
BF22E86A
3EF33926
3EE76C36
3FE21246
BF87504B
BF437E08
3F1A81A3
BF1815F7
BF228D27
BEFDD4C2
BE731915
3EDCE595
BFB8E571
BF2F3A70
BEF8807F
BF12CA2D
3F8ADA3C
BF12C350
3F952CC5
BFD199EF
3F537E80
BFB72495
3FF1D964
3F8DF8F7
3F3991DA
BF09ACF4
BEA7328C
BF4DCB46
BFBD1715
BF4443FC
BFD0BA52
C007F7C0
3B6C2E5F
BDBD5952
BEFD179B
BDD1B460
BE893219
BF10F3A3
3E912D68
C0177BD9
BFCB89F7
3ECDF4BC
BFA35567
BF3DAA5D
BF778DB5
BF9E0DDC
BF05A070
3F814829
BFAEC59B
BF3648BC
3DACA92B
3F98402E
BFBE10C7
3F871226
BECA7443
3FE1EA25
3F0C6C14
3F7F56E8
40035973
3D9BA536
BFAD1ED8
3F68291F
BF13E0FD
3FA75A62
BF843EDC
3F37B6F7
3E3E62D7
3F2CDD0C
