BF950E01
3EB79F66
BFA103BE
BF5560D4
BFD2D864
3F5ADB57
BFC6438D
3F3A39A6
3E34B4FA
3CCB7C01
BF6BCD78
3F28BBE2
3FB61D9A
C001DE22
3CDAA231
BFAAF8D1
3EAD2F43
3EDEF315
3F0F706B
3EF99F5D
BF870638
BFD05046
3F5DCB11
BCC3726D
3F9E0F5A
BF871087
BDE18FD6
3F133690
BF77E592
BF11D71E
BE84EF85
3F3ED899
BEEEBFF3
BF935C5B
BEC59205
3F49F6D8
3FF4A822
3F61B160
BDDB6911
BFAF2B52
BF05094A
3EE295F9
BEB9368E
BF295C8A
3FD149A7
3E2A58FC
3F42AACB
3FDB95E2
3F524517
3EA326D2
3FF6788D
3F835A77
BF9AC86D
3EE85561
BFD1DA3F
3DEE3EEA
BE98F35C
BFA52B00
3F6F5593
BF2D06D9
3FCF1132
3F3CCD20
3FAB1085
3FCF925F
3FBD63C8
3F31280A
BDBD1E15
3F38FF21
3E6B230C
BF3BE515
3E689C0A
3F544074
4004FDDB
3CA884D1
BDA96181
BFA87DE7
BE934FBC
BF3B165D
BF2E5E61
BF823471
BEB61AAF
3FFA4334
3F14A9D9
3E61785E
BF29E9D4
3E01E3A2
BE090C18
3F064E82
BDE3A808
BFA71174
3FD46046
3F5D3C17
BE689BAC
BFD9E302
3FEDFBDA
3E6A93BB
BE036A07
BFE30D5A
3FC32051
3EFC2852
BF837D3C
BF955165
BF8E614F
3F709DAC
3F5065E1
BF92F6E6
3FB7C95E
400E0F08
3FCDAF8C
BF391FD4
BF29ED53
3F0BD012
400C3017
3ED268E5
3F80C571
BEE04C1B
3F3E4BFE
BFABE91C
BD590EF2
BFA39F8A
C019E261
3F242A84
BE4DAA67
3F9BC146
C01AB08D
BE3CA611
3CBA8C30
3F77C423
3F977135
BF24377E
3F17C250
C00CACAE
3E1ED8A7
BFA00248
BE65BF90
BF89C68D
BF8D87F9
3ED82888
BCB29A47
3DE69594
3F8AB190
BFACDA70
BF2654C8
3FE7527F
3F886D6E
3F29F64D
BF1B4320
3DE6C496
3EBCF385
3F271012
3F684075
BDCC4B56
BEAB0A79
BDD946A2
400D3079
3F35CC7D
3F759E97
BF59BB9E
BFEB0D00
BFFFFC03
BFF43F6E
3E16A1E8
3F712A46
BDA2D1D4
3E235C65
400602DE
BDEC4D66
3F45F5B4
3D625AAA
BFC70368
3F7213DC
3F461244
40295143
3F4A34B3
BE8157FE
3F8B7E05
BEE93AED
BF8A8A69
BEA6C447
3E64184F
3FB8435D
3B3DEF56
BE3C3F2B
3FB47223
3FEA8EC1
BDFF4147
C02BA9F2
BF1260FF
3F0EF395
BF55453B
3FDDB2EB
BC5E70EB
BE051E4C
3F432F87
3FB44E82
3E563B6A
BEB4156D
3F9BDE55
3F5C26DB
3F3B0CC8
3E2933C3
BE2D35CD
BF37C552
BF891204
401A9B30
3DB5F5F7
BF31D67A
BC97D36A
BFAABF1F
BF10F0F4
3F00CC42
BF70FD28
3FD7D491
BFA7136E
3F00CD1A
BFDC7206
BDEC9CEC
BF0C23E9
3CF397CD
3D96E9E0
3D961C87
BF905B9E
BF8A7CF9
BF49BAF8
3FA25279
BF966DE2
BF55270F
BF144B70
BF999069
BEE725E5
3DF9F3BB
BCD8D9A9
BF05ABE0
BE28AF99
BF7E3D49
3F4567F6
BF1B3083
BF6062A9
BEA05E67
3F2A7FBB
BFA779FF
BF22BA57
BF25074E
BEFA5CF4
3E129E2D
3F3D9093
3E6C892E
BF3B5415
BFE2C4D2
400FC964
3F110C4F
BFA25D7D
3E194CD0
3FAD2DFC
BF43B8EB
BEE203D2
