3F80000040000000BF80000040000000BF800000C0000000C0000000BF800000
400000003F8000003F80000040000000400000003F800000400000003F800000
