-2.000000 -4.000000i 0.000000 0.000000i 0.000000 0.000000i 0.000000 0.000000i 
-0.600000 0.800000i -1.691501 -4.017315i 0.000000 0.000000i 0.000000 0.000000i 
