C0000000C0800000000000000000000000000000000000000000000000000000
BF19999A3F4CCCCDBFD8831DC0808DD900000000000000000000000000000000
