3F7C8991BF220912BE47FD8EBEC78C70BE0B7D0C3EEDD2ACBF068222BF2DDB3A
3EA76865BEA95BEABE7FC59A3F4A8604BEFB715C3F21D95B3DF686CA3EA2B00F
