BFCBD043000000000000000000000000
BE6396023E4A33193FA0831000000000
